// Jest Snapshot v1, https://goo.gl/fbAQLP

exports[`POST /transcribe when logged in when a valid file is uploaded calls processing modules with correct params 1`] = `
Array [
  Array [
    "1597083792000-yougotmail.flac",
    Object {
      "diarization": true,
      "forceSubAtZero": true,
      "industryNaicsCodeOfAudio": "61231",
      "interactionType": "INTERACTION_TYPE_UNSPECIFIED",
      "languageCode": "en-US",
      "microphoneDistance": "NEARFIELD",
      "originalMediaType": "AUDIO",
      "originalMimeType": "audio/mpeg",
      "phrases": Array [
        "foo",
        "bar",
      ],
      "profanityFilter": true,
      "punctuation": true,
      "speakerCount": 2,
      "transcriptFormat": "PUNCTUATION",
    },
  ],
]
`;
