// Jest Snapshot v1, https://goo.gl/fbAQLP

exports[`transcribe() always calls recognize() with a set of default params 1`] = `
Array [
  Array [
    Object {
      "audio": Object {
        "uri": "gs://sample-bucket/sample-key",
      },
      "config": Object {
        "diarizationConfig": undefined,
        "enableAutomaticPunctuation": true,
        "enableWordConfidence": false,
        "enableWordTimeOffsets": true,
        "encoding": "FLAC",
        "languageCode": "en-US",
        "maxAlternatives": 1,
        "metadata": Object {
          "industryNaicsCodeOfAudio": undefined,
          "interactionType": "PHONE_CALL",
          "microphoneDistance": "NEARFIELD",
          "originalMediaType": "ORIGINAL_MEDIA_TYPE_UNSPECIFIED",
          "originalMimeType": undefined,
          "recordingDeviceType": "RECORDING_DEVICE_TYPE_UNSPECIFIED",
        },
        "model": "default",
        "profanityFilter": false,
        "speechContexts": undefined,
        "useEnhanced": true,
      },
    },
  ],
]
`;
